Built analytics.daily_metrics with 2382 rows.
         date  weight_kg  fat_mass_kg  ...  mounjaro_mg  hunger_score  notes
0  2026-03-19        NaN          NaN  ...          5.0             3   None
1  2026-03-18        NaN          NaN  ...          5.0             2   None
2  2026-03-17        NaN          NaN  ...          5.0             3   None
3  2026-03-16        NaN          NaN  ...          5.0             3   None
4  2026-03-15        NaN          NaN  ...          5.0             3   None
5  2026-03-14        NaN          NaN  ...          5.0             1   None
6  2026-03-13    118.448        37.19  ...          5.0             1   None
7  2026-03-12    118.725        37.57  ...          5.0             1   None
8  2026-03-11    119.442        38.22  ...          5.0             1   None
9  2026-03-10    119.568        38.31  ...          5.0             1   None
10 2026-03-09    119.656        38.22  ...          5.0             1   None
11 2026-03-08    120.122        38.30  ...          5.0             1   None
12 2026-03-07    120.349        38.61  ...          5.0             1   None
13 2026-03-06    120.160        38.50  ...          5.0             1   None
14 2026-03-05    121.293        39.02  ...          5.0             1   None
15 2026-03-04    121.205        39.00  ...          5.0             1   None
16 2026-03-03    120.941        38.97  ...          5.0             1   None
17 2026-03-02    120.840        38.92  ...          5.0             1   None
18 2026-03-01        NaN          NaN  ...          5.0             1   None
19 2026-02-28    122.325        40.03  ...          5.0             2   None

[20 rows x 24 columns]
script: 30_build_daily_metrics.py
description: Build analytics.daily_metrics
started_at: 2026-03-19 22:12:51
python: C:\Users\mcman\fitness_dashboard\.venv\Scripts\python.exe
project_root: C:\Users\mcman\fitness_dashboard
================================================================================


================================================================================
finished_at: 2026-03-19 22:12:53
elapsed_seconds: 1.08
return_code: 0
