Built analytics.weekly_metrics with 426 rows.
  week_start  avg_weight  ...  mounjaro_mg_mode  avg_hunger_score
0 2026-03-16         NaN  ...               5.0          2.750000
1 2026-03-09  119.167800  ...               5.0          1.285714
2 2026-03-02  120.701429  ...               5.0          1.000000
3 2026-02-23  121.864400  ...               5.0          2.142857
4 2026-02-16  123.343143  ...               2.5          3.000000
5 2026-02-09  123.172429  ...               2.5          4.000000
6 2026-02-02  123.916800  ...               2.5          4.000000
7 2026-01-26  124.267571  ...               2.5          4.000000
8 2026-01-19  125.925500  ...               NaN               NaN
9 2026-01-12  126.751600  ...               NaN               NaN

[10 rows x 14 columns]
script: 40_build_weekly_metrics.py
description: Build analytics.weekly_metrics
started_at: 2026-03-19 22:12:54
python: C:\Users\mcman\fitness_dashboard\.venv\Scripts\python.exe
project_root: C:\Users\mcman\fitness_dashboard
================================================================================


================================================================================
finished_at: 2026-03-19 22:12:55
elapsed_seconds: 0.96
return_code: 0
