Ingested 53 intervention rows.
        date fasting_state  fasting_hours  mounjaro_mg  hunger_score notes
0 2026-01-26        normal            0.0          2.5             4  None
1 2026-01-27        normal            0.0          2.5             4  None
2 2026-01-28        normal            0.0          2.5             4  None
3 2026-01-29        normal            0.0          2.5             4  None
4 2026-01-30        normal            0.0          2.5             4  None
5 2026-01-31        normal            0.0          2.5             4  None
6 2026-02-01        normal            0.0          2.5             4  None
7 2026-02-02        normal            0.0          2.5             4  None
8 2026-02-03        normal            0.0          2.5             4  None
9 2026-02-04        normal            0.0          2.5             4  None
script: 10_ingest_interventions.py
description: Ingest interventions from Google Sheets
started_at: 2026-03-19 22:12:40
python: C:\Users\mcman\fitness_dashboard\.venv\Scripts\python.exe
project_root: C:\Users\mcman\fitness_dashboard
================================================================================


================================================================================
finished_at: 2026-03-19 22:12:46
elapsed_seconds: 5.82
return_code: 0
