Built analytics.daily_trends with 2382 rows.
         date  weight_kg  ...  mounjaro_mg  hunger_score
0  2026-03-19        NaN  ...          5.0           3.0
1  2026-03-18        NaN  ...          5.0           2.0
2  2026-03-17        NaN  ...          5.0           3.0
3  2026-03-16        NaN  ...          5.0           3.0
4  2026-03-15        NaN  ...          5.0           3.0
5  2026-03-14        NaN  ...          5.0           1.0
6  2026-03-13    118.448  ...          5.0           1.0
7  2026-03-12    118.725  ...          5.0           1.0
8  2026-03-11    119.442  ...          5.0           1.0
9  2026-03-10    119.568  ...          5.0           1.0
10 2026-03-09    119.656  ...          5.0           1.0
11 2026-03-08    120.122  ...          5.0           1.0
12 2026-03-07    120.349  ...          5.0           1.0
13 2026-03-06    120.160  ...          5.0           1.0
14 2026-03-05    121.293  ...          5.0           1.0
15 2026-03-04    121.205  ...          5.0           1.0
16 2026-03-03    120.941  ...          5.0           1.0
17 2026-03-02    120.840  ...          5.0           1.0
18 2026-03-01        NaN  ...          5.0           1.0
19 2026-02-28    122.325  ...          5.0           2.0

[20 rows x 26 columns]
script: 31_build_daily_trends.py
description: Build analytics.daily_trends
started_at: 2026-03-20 11:02:11
python: C:\Users\mcman\fitness_dashboard\.venv\Scripts\python.exe
project_root: C:\Users\mcman\fitness_dashboard
================================================================================


================================================================================
finished_at: 2026-03-20 11:02:12
elapsed_seconds: 1.10
return_code: 0
